Archive member included because of file (symbol)

c:/winavr-20100110/bin/../lib/gcc/avr/4.3.3/avr5\libgcc.a(_divmodhi4.o)
                              tarefa.o (__divmodhi4)
c:/winavr-20100110/bin/../lib/gcc/avr/4.3.3/avr5\libgcc.a(_exit.o)
                              c:/winavr-20100110/bin/../lib/gcc/avr/4.3.3/../../../../avr/lib/avr5/crtm328p.o (exit)
c:/winavr-20100110/bin/../lib/gcc/avr/4.3.3/avr5\libgcc.a(_copy_data.o)
                              main.o (__do_copy_data)
c:/winavr-20100110/bin/../lib/gcc/avr/4.3.3/avr5\libgcc.a(_clear_bss.o)
                              main.o (__do_clear_bss)
c:/winavr-20100110/bin/../lib/gcc/avr/4.3.3/avr5\libgcc.a(_udivmodhi4.o)
                              c:/winavr-20100110/bin/../lib/gcc/avr/4.3.3/avr5\libgcc.a(_divmodhi4.o) (__udivmodhi4)
c:/winavr-20100110/bin/../lib/gcc/avr/4.3.3/../../../../avr/lib/avr5\libc.a(memcpy.o)
                              queue.o (memcpy)
c:/winavr-20100110/bin/../lib/gcc/avr/4.3.3/../../../../avr/lib/avr5\libc.a(memset.o)
                              tasks.o (memset)
c:/winavr-20100110/bin/../lib/gcc/avr/4.3.3/../../../../avr/lib/avr5\libc.a(strncpy.o)
                              tasks.o (strncpy)

Allocating common symbols
Common symbol       size              file

semInput            0x2               main.o
xQueueRegistry      0x4               queue.o
mensagens           0x2               main.o
semMotor            0x2               main.o
channel_temp        0x2               main.o

Memory Configuration

Name             Origin             Length             Attributes
text             0x00000000         0x00020000         xr
data             0x00800060         0x0000ffa0         rw !x
eeprom           0x00810000         0x00010000         rw !x
fuse             0x00820000         0x00000400         rw !x
lock             0x00830000         0x00000400         rw !x
signature        0x00840000         0x00000400         rw !x
*default*        0x00000000         0xffffffff

Linker script and memory map

Address of section .data set to 0x800100
LOAD c:/winavr-20100110/bin/../lib/gcc/avr/4.3.3/../../../../avr/lib/avr5/crtm328p.o
LOAD main.o
LOAD heap_1.o
LOAD list.o
LOAD timers.o
LOAD tasks.o
LOAD queue.o
LOAD tarefa.o
LOAD init.o
LOAD port.o
LOAD c:/winavr-20100110/bin/../lib/gcc/avr/4.3.3/../../../../avr/lib/avr5\libm.a
LOAD c:/winavr-20100110/bin/../lib/gcc/avr/4.3.3/avr5\libgcc.a
LOAD c:/winavr-20100110/bin/../lib/gcc/avr/4.3.3/../../../../avr/lib/avr5\libc.a
LOAD c:/winavr-20100110/bin/../lib/gcc/avr/4.3.3/avr5\libgcc.a

.hash
 *(.hash)

.dynsym
 *(.dynsym)

.dynstr
 *(.dynstr)

.gnu.version
 *(.gnu.version)

.gnu.version_d
 *(.gnu.version_d)

.gnu.version_r
 *(.gnu.version_r)

.rel.init
 *(.rel.init)

.rela.init
 *(.rela.init)

.rel.text
 *(.rel.text)
 *(.rel.text.*)
 *(.rel.gnu.linkonce.t*)

.rela.text
 *(.rela.text)
 *(.rela.text.*)
 *(.rela.gnu.linkonce.t*)

.rel.fini
 *(.rel.fini)

.rela.fini
 *(.rela.fini)

.rel.rodata
 *(.rel.rodata)
 *(.rel.rodata.*)
 *(.rel.gnu.linkonce.r*)

.rela.rodata
 *(.rela.rodata)
 *(.rela.rodata.*)
 *(.rela.gnu.linkonce.r*)

.rel.data
 *(.rel.data)
 *(.rel.data.*)
 *(.rel.gnu.linkonce.d*)

.rela.data
 *(.rela.data)
 *(.rela.data.*)
 *(.rela.gnu.linkonce.d*)

.rel.ctors
 *(.rel.ctors)

.rela.ctors
 *(.rela.ctors)

.rel.dtors
 *(.rel.dtors)

.rela.dtors
 *(.rela.dtors)

.rel.got
 *(.rel.got)

.rela.got
 *(.rela.got)

.rel.bss
 *(.rel.bss)

.rela.bss
 *(.rela.bss)

.rel.plt
 *(.rel.plt)

.rela.plt
 *(.rela.plt)

.text           0x00000000     0x1c7c
 *(.vectors)
 .vectors       0x00000000       0x68 c:/winavr-20100110/bin/../lib/gcc/avr/4.3.3/../../../../avr/lib/avr5/crtm328p.o
                0x00000000                __vectors
                0x00000000                __vector_default
 *(.vectors)
 *(.progmem.gcc*)
 *(.progmem*)
                0x00000068                . = ALIGN (0x2)
                0x00000068                __trampolines_start = .
 *(.trampolines)
 .trampolines   0x00000068        0x0 linker stubs
 *(.trampolines*)
                0x00000068                __trampolines_end = .
 *(.jumptables)
 *(.jumptables*)
 *(.lowtext)
 *(.lowtext*)
                0x00000068                __ctors_start = .
 *(.ctors)
                0x00000068                __ctors_end = .
                0x00000068                __dtors_start = .
 *(.dtors)
                0x00000068                __dtors_end = .
 SORT(*)(.ctors)
 SORT(*)(.dtors)
 *(.init0)
 .init0         0x00000068        0x0 c:/winavr-20100110/bin/../lib/gcc/avr/4.3.3/../../../../avr/lib/avr5/crtm328p.o
                0x00000068                __init
 *(.init0)
 *(.init1)
 *(.init1)
 *(.init2)
 .init2         0x00000068        0xc c:/winavr-20100110/bin/../lib/gcc/avr/4.3.3/../../../../avr/lib/avr5/crtm328p.o
 *(.init2)
 *(.init3)
 *(.init3)
 *(.init4)
 .init4         0x00000074       0x16 c:/winavr-20100110/bin/../lib/gcc/avr/4.3.3/avr5\libgcc.a(_copy_data.o)
                0x00000074                __do_copy_data
 .init4         0x0000008a       0x10 c:/winavr-20100110/bin/../lib/gcc/avr/4.3.3/avr5\libgcc.a(_clear_bss.o)
                0x0000008a                __do_clear_bss
 *(.init4)
 *(.init5)
 *(.init5)
 *(.init6)
 *(.init6)
 *(.init7)
 *(.init7)
 *(.init8)
 *(.init8)
 *(.init9)
 .init9         0x0000009a        0x8 c:/winavr-20100110/bin/../lib/gcc/avr/4.3.3/../../../../avr/lib/avr5/crtm328p.o
 *(.init9)
 *(.text)
 .text          0x000000a2        0x4 c:/winavr-20100110/bin/../lib/gcc/avr/4.3.3/../../../../avr/lib/avr5/crtm328p.o
                0x000000a2                __vector_22
                0x000000a2                __vector_1
                0x000000a2                __vector_24
                0x000000a2                __vector_12
                0x000000a2                __bad_interrupt
                0x000000a2                __vector_6
                0x000000a2                __vector_3
                0x000000a2                __vector_23
                0x000000a2                __vector_25
                0x000000a2                __vector_13
                0x000000a2                __vector_17
                0x000000a2                __vector_19
                0x000000a2                __vector_7
                0x000000a2                __vector_5
                0x000000a2                __vector_4
                0x000000a2                __vector_9
                0x000000a2                __vector_2
                0x000000a2                __vector_21
                0x000000a2                __vector_15
                0x000000a2                __vector_8
                0x000000a2                __vector_14
                0x000000a2                __vector_10
                0x000000a2                __vector_16
                0x000000a2                __vector_18
                0x000000a2                __vector_20
 .text          0x000000a6       0xc4 main.o
                0x000000a6                main
 .text          0x0000016a       0x6e heap_1.o
                0x00000176                xPortGetFreeHeapSize
                0x0000016a                vPortFree
                0x0000018a                pvPortMalloc
                0x0000016c                vPortInitialiseBlocks
 .text          0x000001d8      0x134 list.o
                0x00000200                vListInsertEnd
                0x000002bc                vListRemove
                0x000001f8                vListInitialiseItem
                0x000001d8                vListInitialise
                0x00000252                vListInsert
 .text          0x0000030c        0x0 timers.o
 .text          0x0000030c      0xc7c tasks.o
                0x00000c60                vTaskEndScheduler
                0x0000087e                vTaskPlaceOnEventList
                0x00000cde                xTaskGenericCreate
                0x0000030c                xTaskIsTaskSuspended
                0x00000486                uxTaskGetStackHighWaterMark
                0x00000774                xTaskResumeFromISR
                0x00000340                xTaskGetTickCount
                0x000005ae                xTaskRemoveFromEventList
                0x00000bc6                vTaskDelete
                0x00000402                xTaskCheckForTimeOut
                0x00000334                vTaskSuspendAll
                0x00000356                xTaskGetTickCountFromISR
                0x000004c0                vTaskPriorityDisinherit
                0x0000051a                vTaskPriorityInherit
                0x000009cc                vTaskResume
                0x00000368                vTaskSwitchContext
                0x00000a5e                vTaskSuspend
                0x00000362                uxTaskGetNumberOfTasks
                0x0000062c                vTaskIncrementTick
                0x00000b4e                vTaskDelayUntil
                0x000004b4                xTaskGetCurrentTaskHandle
                0x000008d6                xTaskResumeAll
                0x00000f32                vTaskStartScheduler
                0x0000047e                vTaskMissedYield
                0x00000b00                vTaskDelay
                0x000003ec                vTaskSetTimeOutState
 .text          0x00000f88      0x6b0 queue.o
                0x00001370                xQueueGenericSendFromISR
                0x00000fe0                vQueueDelete
                0x000013c0                xQueueGenericSend
                0x00001010                xQueueReceiveFromISR
                0x00001560                xQueueGenericCreate
                0x0000161e                xQueueCreateCountingSemaphore
                0x00000fae                xQueueIsQueueFullFromISR
                0x0000110e                xQueueGenericReceive
                0x00000f88                uxQueueMessagesWaiting
                0x00000fc0                vQueueAddToRegistry
                0x00000f98                uxQueueMessagesWaitingFromISR
                0x00000f9e                xQueueIsQueueEmptyFromISR
                0x00001508                xQueueCreateMutex
 .text          0x00001638      0x28e tarefa.o
                0x00001694                map
                0x000016c6                display
                0x00001638                mostraDisplay
                0x00001742                modificar_temp
                0x000017b8                verificarInput
                0x00001648                PWM1_value
                0x00001652                valor_res_motor
 .text          0x000018c6       0xb2 init.o
                0x000018e8                read_adc
                0x00001962                set_pwm
                0x00001922                adc_read
                0x00001954                adc_init1
                0x000018c6                adc_init
 .text          0x00001978      0x274 port.o
                0x00001a08                xPortStartScheduler
                0x00001a7e                vPortYieldFromTick
                0x00001a7c                vPortEndScheduler
                0x00001b34                __vector_11
                0x00001b3a                vPortYield
                0x00001978                pxPortInitialiseStack
 .text          0x00001bec        0x0 c:/winavr-20100110/bin/../lib/gcc/avr/4.3.3/avr5\libgcc.a(_divmodhi4.o)
 .text          0x00001bec        0x0 c:/winavr-20100110/bin/../lib/gcc/avr/4.3.3/avr5\libgcc.a(_exit.o)
 .text          0x00001bec        0x0 c:/winavr-20100110/bin/../lib/gcc/avr/4.3.3/avr5\libgcc.a(_copy_data.o)
 .text          0x00001bec        0x0 c:/winavr-20100110/bin/../lib/gcc/avr/4.3.3/avr5\libgcc.a(_clear_bss.o)
 .text          0x00001bec        0x0 c:/winavr-20100110/bin/../lib/gcc/avr/4.3.3/avr5\libgcc.a(_udivmodhi4.o)
 .text          0x00001bec        0x0 c:/winavr-20100110/bin/../lib/gcc/avr/4.3.3/../../../../avr/lib/avr5\libc.a(memcpy.o)
 .text          0x00001bec        0x0 c:/winavr-20100110/bin/../lib/gcc/avr/4.3.3/../../../../avr/lib/avr5\libc.a(memset.o)
 .text          0x00001bec        0x0 c:/winavr-20100110/bin/../lib/gcc/avr/4.3.3/../../../../avr/lib/avr5\libc.a(strncpy.o)
                0x00001bec                . = ALIGN (0x2)
 *(.text.*)
 .text.libgcc   0x00001bec       0x26 c:/winavr-20100110/bin/../lib/gcc/avr/4.3.3/avr5\libgcc.a(_divmodhi4.o)
                0x00001bec                __divmodhi4
                0x00001bec                _div
 .text.libgcc   0x00001c12        0x0 c:/winavr-20100110/bin/../lib/gcc/avr/4.3.3/avr5\libgcc.a(_exit.o)
 .text.libgcc   0x00001c12        0x0 c:/winavr-20100110/bin/../lib/gcc/avr/4.3.3/avr5\libgcc.a(_copy_data.o)
 .text.libgcc   0x00001c12        0x0 c:/winavr-20100110/bin/../lib/gcc/avr/4.3.3/avr5\libgcc.a(_clear_bss.o)
 .text.libgcc   0x00001c12       0x28 c:/winavr-20100110/bin/../lib/gcc/avr/4.3.3/avr5\libgcc.a(_udivmodhi4.o)
                0x00001c12                __udivmodhi4
 .text.avr-libc
                0x00001c3a       0x12 c:/winavr-20100110/bin/../lib/gcc/avr/4.3.3/../../../../avr/lib/avr5\libc.a(memcpy.o)
                0x00001c3a                memcpy
 .text.avr-libc
                0x00001c4c        0xe c:/winavr-20100110/bin/../lib/gcc/avr/4.3.3/../../../../avr/lib/avr5\libc.a(memset.o)
                0x00001c4c                memset
 .text.avr-libc
                0x00001c5a       0x1e c:/winavr-20100110/bin/../lib/gcc/avr/4.3.3/../../../../avr/lib/avr5\libc.a(strncpy.o)
                0x00001c5a                strncpy
                0x00001c78                . = ALIGN (0x2)
 *(.fini9)
 .fini9         0x00001c78        0x0 c:/winavr-20100110/bin/../lib/gcc/avr/4.3.3/avr5\libgcc.a(_exit.o)
                0x00001c78                exit
                0x00001c78                _exit
 *(.fini9)
 *(.fini8)
 *(.fini8)
 *(.fini7)
 *(.fini7)
 *(.fini6)
 *(.fini6)
 *(.fini5)
 *(.fini5)
 *(.fini4)
 *(.fini4)
 *(.fini3)
 *(.fini3)
 *(.fini2)
 *(.fini2)
 *(.fini1)
 *(.fini1)
 *(.fini0)
 .fini0         0x00001c78        0x4 c:/winavr-20100110/bin/../lib/gcc/avr/4.3.3/avr5\libgcc.a(_exit.o)
 *(.fini0)
                0x00001c7c                _etext = .

.data           0x00800100       0x2e load address 0x00001c7c
                0x00800100                PROVIDE (__data_start, .)
 *(.data)
 .data          0x00800100        0x0 c:/winavr-20100110/bin/../lib/gcc/avr/4.3.3/../../../../avr/lib/avr5/crtm328p.o
 .data          0x00800100       0x26 main.o
 .data          0x00800126        0x0 heap_1.o
 .data          0x00800126        0x0 list.o
 .data          0x00800126        0x0 timers.o
 .data          0x00800126        0x7 tasks.o
 .data          0x0080012d        0x0 queue.o
 .data          0x0080012d        0x0 tarefa.o
 .data          0x0080012d        0x0 init.o
 .data          0x0080012d        0x0 port.o
 .data          0x0080012d        0x0 c:/winavr-20100110/bin/../lib/gcc/avr/4.3.3/avr5\libgcc.a(_divmodhi4.o)
 .data          0x0080012d        0x0 c:/winavr-20100110/bin/../lib/gcc/avr/4.3.3/avr5\libgcc.a(_exit.o)
 .data          0x0080012d        0x0 c:/winavr-20100110/bin/../lib/gcc/avr/4.3.3/avr5\libgcc.a(_copy_data.o)
 .data          0x0080012d        0x0 c:/winavr-20100110/bin/../lib/gcc/avr/4.3.3/avr5\libgcc.a(_clear_bss.o)
 .data          0x0080012d        0x0 c:/winavr-20100110/bin/../lib/gcc/avr/4.3.3/avr5\libgcc.a(_udivmodhi4.o)
 .data          0x0080012d        0x0 c:/winavr-20100110/bin/../lib/gcc/avr/4.3.3/../../../../avr/lib/avr5\libc.a(memcpy.o)
 .data          0x0080012d        0x0 c:/winavr-20100110/bin/../lib/gcc/avr/4.3.3/../../../../avr/lib/avr5\libc.a(memset.o)
 .data          0x0080012d        0x0 c:/winavr-20100110/bin/../lib/gcc/avr/4.3.3/../../../../avr/lib/avr5\libc.a(strncpy.o)
 *(.data*)
 *(.rodata)
 *(.rodata*)
 *(.gnu.linkonce.d*)
                0x0080012e                . = ALIGN (0x2)
 *fill*         0x0080012d        0x1 00
                0x0080012e                _edata = .
                0x0080012e                PROVIDE (__data_end, .)

.bss            0x0080012e      0x64d
                0x0080012e                PROVIDE (__bss_start, .)
 *(.bss)
 .bss           0x0080012e        0x0 c:/winavr-20100110/bin/../lib/gcc/avr/4.3.3/../../../../avr/lib/avr5/crtm328p.o
 .bss           0x0080012e        0x0 main.o
 .bss           0x0080012e      0x5de heap_1.o
 .bss           0x0080070c        0x0 list.o
 .bss           0x0080070c        0x0 timers.o
 .bss           0x0080070c       0x63 tasks.o
                0x0080070c                pxCurrentTCB
 .bss           0x0080076f        0x0 queue.o
 .bss           0x0080076f        0x0 tarefa.o
 .bss           0x0080076f        0x0 init.o
 .bss           0x0080076f        0x0 port.o
 .bss           0x0080076f        0x0 c:/winavr-20100110/bin/../lib/gcc/avr/4.3.3/avr5\libgcc.a(_divmodhi4.o)
 .bss           0x0080076f        0x0 c:/winavr-20100110/bin/../lib/gcc/avr/4.3.3/avr5\libgcc.a(_exit.o)
 .bss           0x0080076f        0x0 c:/winavr-20100110/bin/../lib/gcc/avr/4.3.3/avr5\libgcc.a(_copy_data.o)
 .bss           0x0080076f        0x0 c:/winavr-20100110/bin/../lib/gcc/avr/4.3.3/avr5\libgcc.a(_clear_bss.o)
 .bss           0x0080076f        0x0 c:/winavr-20100110/bin/../lib/gcc/avr/4.3.3/avr5\libgcc.a(_udivmodhi4.o)
 .bss           0x0080076f        0x0 c:/winavr-20100110/bin/../lib/gcc/avr/4.3.3/../../../../avr/lib/avr5\libc.a(memcpy.o)
 .bss           0x0080076f        0x0 c:/winavr-20100110/bin/../lib/gcc/avr/4.3.3/../../../../avr/lib/avr5\libc.a(memset.o)
 .bss           0x0080076f        0x0 c:/winavr-20100110/bin/../lib/gcc/avr/4.3.3/../../../../avr/lib/avr5\libc.a(strncpy.o)
 *(.bss*)
 *(COMMON)
 COMMON         0x0080076f        0x8 main.o
                0x0080076f                semInput
                0x00800771                mensagens
                0x00800773                semMotor
                0x00800775                channel_temp
 COMMON         0x00800777        0x4 queue.o
                0x00800777                xQueueRegistry
                0x0080077b                PROVIDE (__bss_end, .)
                0x00001c7c                __data_load_start = LOADADDR (.data)
                0x00001caa                __data_load_end = (__data_load_start + SIZEOF (.data))

.noinit         0x0080077b        0x0
                0x0080077b                PROVIDE (__noinit_start, .)
 *(.noinit*)
                0x0080077b                PROVIDE (__noinit_end, .)
                0x0080077b                _end = .
                0x0080077b                PROVIDE (__heap_start, .)

.eeprom         0x00810000        0x0
 *(.eeprom*)
                0x00810000                __eeprom_end = .

.fuse
 *(.fuse)
 *(.lfuse)
 *(.hfuse)
 *(.efuse)

.lock
 *(.lock*)

.signature
 *(.signature*)

.stab
 *(.stab)

.stabstr
 *(.stabstr)

.stab.excl
 *(.stab.excl)

.stab.exclstr
 *(.stab.exclstr)

.stab.index
 *(.stab.index)

.stab.indexstr
 *(.stab.indexstr)

.comment
 *(.comment)

.debug
 *(.debug)

.line
 *(.line)

.debug_srcinfo
 *(.debug_srcinfo)

.debug_sfnames
 *(.debug_sfnames)

.debug_aranges  0x00000000      0x100
 *(.debug_aranges)
 .debug_aranges
                0x00000000       0x20 main.o
 .debug_aranges
                0x00000020       0x20 heap_1.o
 .debug_aranges
                0x00000040       0x20 list.o
 .debug_aranges
                0x00000060       0x20 tasks.o
 .debug_aranges
                0x00000080       0x20 queue.o
 .debug_aranges
                0x000000a0       0x20 tarefa.o
 .debug_aranges
                0x000000c0       0x20 init.o
 .debug_aranges
                0x000000e0       0x20 port.o

.debug_pubnames
                0x00000000      0x688
 *(.debug_pubnames)
 .debug_pubnames
                0x00000000       0x54 main.o
 .debug_pubnames
                0x00000054       0x64 heap_1.o
 .debug_pubnames
                0x000000b8       0x71 list.o
 .debug_pubnames
                0x00000129      0x280 tasks.o
 .debug_pubnames
                0x000003a9      0x17b queue.o
 .debug_pubnames
                0x00000524       0x81 tarefa.o
 .debug_pubnames
                0x000005a5       0x53 init.o
 .debug_pubnames
                0x000005f8       0x90 port.o

.debug_info     0x00000000     0x22c5
 *(.debug_info)
 .debug_info    0x00000000       0xe7 main.o
 .debug_info    0x000000e7      0x169 heap_1.o
 .debug_info    0x00000250      0x2b1 list.o
 .debug_info    0x00000501       0x6f timers.o
 .debug_info    0x00000570      0xe91 tasks.o
 .debug_info    0x00001401      0x90f queue.o
 .debug_info    0x00001d10      0x2ed tarefa.o
 .debug_info    0x00001ffd      0x106 init.o
 .debug_info    0x00002103      0x1c2 port.o
 *(.gnu.linkonce.wi.*)

.debug_abbrev   0x00000000      0x9ce
 *(.debug_abbrev)
 .debug_abbrev  0x00000000       0x6f main.o
 .debug_abbrev  0x0000006f      0x114 heap_1.o
 .debug_abbrev  0x00000183       0xdd list.o
 .debug_abbrev  0x00000260       0x33 timers.o
 .debug_abbrev  0x00000293      0x27c tasks.o
 .debug_abbrev  0x0000050f      0x1b0 queue.o
 .debug_abbrev  0x000006bf      0x161 tarefa.o
 .debug_abbrev  0x00000820       0x96 init.o
 .debug_abbrev  0x000008b6      0x118 port.o

.debug_line     0x00000000     0x1b86
 *(.debug_line)
 .debug_line    0x00000000       0xcf main.o
 .debug_line    0x000000cf      0x104 heap_1.o
 .debug_line    0x000001d3      0x1a9 list.o
 .debug_line    0x0000037c       0x3e timers.o
 .debug_line    0x000003ba      0x9de tasks.o
 .debug_line    0x00000d98      0x753 queue.o
 .debug_line    0x000014eb      0x29e tarefa.o
 .debug_line    0x00001789      0x179 init.o
 .debug_line    0x00001902      0x284 port.o

.debug_frame    0x00000000      0x4f0
 *(.debug_frame)
 .debug_frame   0x00000000       0x20 main.o
 .debug_frame   0x00000020       0x50 heap_1.o
 .debug_frame   0x00000070       0x60 list.o
 .debug_frame   0x000000d0      0x1d0 tasks.o
 .debug_frame   0x000002a0      0x100 queue.o
 .debug_frame   0x000003a0       0x80 tarefa.o
 .debug_frame   0x00000420       0x60 init.o
 .debug_frame   0x00000480       0x70 port.o

.debug_str      0x00000000      0xeac
 *(.debug_str)
 .debug_str     0x00000000       0xdb main.o
                                0x114 (size before relaxing)
 .debug_str     0x000000db       0x95 heap_1.o
                                0x156 (size before relaxing)
 .debug_str     0x00000170      0x132 list.o
                                0x1e6 (size before relaxing)
 .debug_str     0x000002a2        0x9 timers.o
                                 0xca (size before relaxing)
 .debug_str     0x000002ab      0x6df tasks.o
                                0x853 (size before relaxing)
 .debug_str     0x0000098a      0x35e queue.o
                                0x554 (size before relaxing)
 .debug_str     0x00000ce8       0xc7 tarefa.o
                                0x1c7 (size before relaxing)
 .debug_str     0x00000daf       0x44 init.o
                                 0xf6 (size before relaxing)
 .debug_str     0x00000df3       0xb9 port.o
                                0x1a0 (size before relaxing)

.debug_loc      0x00000000     0x10ae
 *(.debug_loc)
 .debug_loc     0x00000000       0x50 heap_1.o
 .debug_loc     0x00000050      0x100 list.o
 .debug_loc     0x00000150      0x718 tasks.o
 .debug_loc     0x00000868      0x6fd queue.o
 .debug_loc     0x00000f65       0xe8 tarefa.o
 .debug_loc     0x0000104d       0x26 init.o
 .debug_loc     0x00001073       0x3b port.o

.debug_macinfo
 *(.debug_macinfo)
OUTPUT(main.elf elf32-avr)
LOAD linker stubs

.debug_ranges   0x00000000       0x18
 .debug_ranges  0x00000000       0x18 tasks.o

Cross Reference Table

Symbol                                            File
PWM1_value                                        tarefa.o
__bad_interrupt                                   c:/winavr-20100110/bin/../lib/gcc/avr/4.3.3/../../../../avr/lib/avr5/crtm328p.o
__bss_end                                         c:/winavr-20100110/bin/../lib/gcc/avr/4.3.3/avr5\libgcc.a(_clear_bss.o)
__bss_start                                       c:/winavr-20100110/bin/../lib/gcc/avr/4.3.3/avr5\libgcc.a(_clear_bss.o)
__data_end                                        c:/winavr-20100110/bin/../lib/gcc/avr/4.3.3/avr5\libgcc.a(_copy_data.o)
__data_load_start                                 c:/winavr-20100110/bin/../lib/gcc/avr/4.3.3/avr5\libgcc.a(_copy_data.o)
__data_start                                      c:/winavr-20100110/bin/../lib/gcc/avr/4.3.3/avr5\libgcc.a(_copy_data.o)
__divmodhi4                                       c:/winavr-20100110/bin/../lib/gcc/avr/4.3.3/avr5\libgcc.a(_divmodhi4.o)
                                                  tarefa.o
__do_clear_bss                                    c:/winavr-20100110/bin/../lib/gcc/avr/4.3.3/avr5\libgcc.a(_clear_bss.o)
                                                  queue.o
                                                  tasks.o
                                                  heap_1.o
                                                  main.o
__do_copy_data                                    c:/winavr-20100110/bin/../lib/gcc/avr/4.3.3/avr5\libgcc.a(_copy_data.o)
                                                  tasks.o
                                                  main.o
__heap_end                                        c:/winavr-20100110/bin/../lib/gcc/avr/4.3.3/../../../../avr/lib/avr5/crtm328p.o
__init                                            c:/winavr-20100110/bin/../lib/gcc/avr/4.3.3/../../../../avr/lib/avr5/crtm328p.o
__stack                                           c:/winavr-20100110/bin/../lib/gcc/avr/4.3.3/../../../../avr/lib/avr5/crtm328p.o
__udivmodhi4                                      c:/winavr-20100110/bin/../lib/gcc/avr/4.3.3/avr5\libgcc.a(_udivmodhi4.o)
                                                  c:/winavr-20100110/bin/../lib/gcc/avr/4.3.3/avr5\libgcc.a(_divmodhi4.o)
__vector_1                                        c:/winavr-20100110/bin/../lib/gcc/avr/4.3.3/../../../../avr/lib/avr5/crtm328p.o
__vector_10                                       c:/winavr-20100110/bin/../lib/gcc/avr/4.3.3/../../../../avr/lib/avr5/crtm328p.o
__vector_11                                       port.o
                                                  c:/winavr-20100110/bin/../lib/gcc/avr/4.3.3/../../../../avr/lib/avr5/crtm328p.o
__vector_12                                       c:/winavr-20100110/bin/../lib/gcc/avr/4.3.3/../../../../avr/lib/avr5/crtm328p.o
__vector_13                                       c:/winavr-20100110/bin/../lib/gcc/avr/4.3.3/../../../../avr/lib/avr5/crtm328p.o
__vector_14                                       c:/winavr-20100110/bin/../lib/gcc/avr/4.3.3/../../../../avr/lib/avr5/crtm328p.o
__vector_15                                       c:/winavr-20100110/bin/../lib/gcc/avr/4.3.3/../../../../avr/lib/avr5/crtm328p.o
__vector_16                                       c:/winavr-20100110/bin/../lib/gcc/avr/4.3.3/../../../../avr/lib/avr5/crtm328p.o
__vector_17                                       c:/winavr-20100110/bin/../lib/gcc/avr/4.3.3/../../../../avr/lib/avr5/crtm328p.o
__vector_18                                       c:/winavr-20100110/bin/../lib/gcc/avr/4.3.3/../../../../avr/lib/avr5/crtm328p.o
__vector_19                                       c:/winavr-20100110/bin/../lib/gcc/avr/4.3.3/../../../../avr/lib/avr5/crtm328p.o
__vector_2                                        c:/winavr-20100110/bin/../lib/gcc/avr/4.3.3/../../../../avr/lib/avr5/crtm328p.o
__vector_20                                       c:/winavr-20100110/bin/../lib/gcc/avr/4.3.3/../../../../avr/lib/avr5/crtm328p.o
__vector_21                                       c:/winavr-20100110/bin/../lib/gcc/avr/4.3.3/../../../../avr/lib/avr5/crtm328p.o
__vector_22                                       c:/winavr-20100110/bin/../lib/gcc/avr/4.3.3/../../../../avr/lib/avr5/crtm328p.o
__vector_23                                       c:/winavr-20100110/bin/../lib/gcc/avr/4.3.3/../../../../avr/lib/avr5/crtm328p.o
__vector_24                                       c:/winavr-20100110/bin/../lib/gcc/avr/4.3.3/../../../../avr/lib/avr5/crtm328p.o
__vector_25                                       c:/winavr-20100110/bin/../lib/gcc/avr/4.3.3/../../../../avr/lib/avr5/crtm328p.o
__vector_3                                        c:/winavr-20100110/bin/../lib/gcc/avr/4.3.3/../../../../avr/lib/avr5/crtm328p.o
__vector_4                                        c:/winavr-20100110/bin/../lib/gcc/avr/4.3.3/../../../../avr/lib/avr5/crtm328p.o
__vector_5                                        c:/winavr-20100110/bin/../lib/gcc/avr/4.3.3/../../../../avr/lib/avr5/crtm328p.o
__vector_6                                        c:/winavr-20100110/bin/../lib/gcc/avr/4.3.3/../../../../avr/lib/avr5/crtm328p.o
__vector_7                                        c:/winavr-20100110/bin/../lib/gcc/avr/4.3.3/../../../../avr/lib/avr5/crtm328p.o
__vector_8                                        c:/winavr-20100110/bin/../lib/gcc/avr/4.3.3/../../../../avr/lib/avr5/crtm328p.o
__vector_9                                        c:/winavr-20100110/bin/../lib/gcc/avr/4.3.3/../../../../avr/lib/avr5/crtm328p.o
__vector_default                                  c:/winavr-20100110/bin/../lib/gcc/avr/4.3.3/../../../../avr/lib/avr5/crtm328p.o
__vectors                                         c:/winavr-20100110/bin/../lib/gcc/avr/4.3.3/../../../../avr/lib/avr5/crtm328p.o
_div                                              c:/winavr-20100110/bin/../lib/gcc/avr/4.3.3/avr5\libgcc.a(_divmodhi4.o)
_exit                                             c:/winavr-20100110/bin/../lib/gcc/avr/4.3.3/avr5\libgcc.a(_exit.o)
adc_init                                          init.o
adc_init1                                         init.o
adc_read                                          init.o
channel_temp                                      tarefa.o
                                                  main.o
display                                           tarefa.o
                                                  main.o
exit                                              c:/winavr-20100110/bin/../lib/gcc/avr/4.3.3/avr5\libgcc.a(_exit.o)
                                                  c:/winavr-20100110/bin/../lib/gcc/avr/4.3.3/../../../../avr/lib/avr5/crtm328p.o
main                                              main.o
                                                  c:/winavr-20100110/bin/../lib/gcc/avr/4.3.3/../../../../avr/lib/avr5/crtm328p.o
map                                               tarefa.o
memcpy                                            c:/winavr-20100110/bin/../lib/gcc/avr/4.3.3/../../../../avr/lib/avr5\libc.a(memcpy.o)
                                                  queue.o
memset                                            c:/winavr-20100110/bin/../lib/gcc/avr/4.3.3/../../../../avr/lib/avr5\libc.a(memset.o)
                                                  tasks.o
mensagens                                         tarefa.o
                                                  main.o
modificar_temp                                    tarefa.o
                                                  main.o
mostraDisplay                                     tarefa.o
pvPortMalloc                                      heap_1.o
                                                  queue.o
                                                  tasks.o
pxCurrentTCB                                      tasks.o
                                                  port.o
pxPortInitialiseStack                             port.o
                                                  tasks.o
read_adc                                          init.o
semInput                                          tarefa.o
                                                  main.o
semMotor                                          tarefa.o
                                                  main.o
set_pwm                                           init.o
                                                  main.o
strncpy                                           c:/winavr-20100110/bin/../lib/gcc/avr/4.3.3/../../../../avr/lib/avr5\libc.a(strncpy.o)
                                                  tasks.o
uxQueueMessagesWaiting                            queue.o
uxQueueMessagesWaitingFromISR                     queue.o
uxTaskGetNumberOfTasks                            tasks.o
uxTaskGetStackHighWaterMark                       tasks.o
vListInitialise                                   list.o
                                                  queue.o
                                                  tasks.o
vListInitialiseItem                               list.o
                                                  tasks.o
vListInsert                                       list.o
                                                  tasks.o
vListInsertEnd                                    list.o
                                                  tasks.o
vListRemove                                       list.o
                                                  tasks.o
vPortEndScheduler                                 port.o
                                                  tasks.o
vPortFree                                         heap_1.o
                                                  queue.o
                                                  tasks.o
vPortInitialiseBlocks                             heap_1.o
vPortYield                                        port.o
                                                  queue.o
                                                  tasks.o
vPortYieldFromTick                                port.o
vQueueAddToRegistry                               queue.o
vQueueDelete                                      queue.o
vTaskDelay                                        tasks.o
                                                  tarefa.o
vTaskDelayUntil                                   tasks.o
vTaskDelete                                       tasks.o
vTaskEndScheduler                                 tasks.o
vTaskIncrementTick                                tasks.o
                                                  port.o
vTaskMissedYield                                  tasks.o
                                                  queue.o
vTaskPlaceOnEventList                             tasks.o
                                                  queue.o
vTaskPriorityDisinherit                           tasks.o
                                                  queue.o
vTaskPriorityInherit                              tasks.o
                                                  queue.o
vTaskResume                                       tasks.o
vTaskSetTimeOutState                              tasks.o
                                                  queue.o
vTaskStartScheduler                               tasks.o
                                                  main.o
vTaskSuspend                                      tasks.o
vTaskSuspendAll                                   tasks.o
                                                  queue.o
                                                  heap_1.o
vTaskSwitchContext                                tasks.o
                                                  port.o
valor_res_motor                                   tarefa.o
verificarInput                                    tarefa.o
                                                  main.o
xPortGetFreeHeapSize                              heap_1.o
xPortStartScheduler                               port.o
                                                  tasks.o
xQueueCreateCountingSemaphore                     queue.o
                                                  main.o
xQueueCreateMutex                                 queue.o
xQueueGenericCreate                               queue.o
                                                  main.o
xQueueGenericReceive                              queue.o
                                                  tarefa.o
xQueueGenericSend                                 queue.o
                                                  tarefa.o
xQueueGenericSendFromISR                          queue.o
xQueueIsQueueEmptyFromISR                         queue.o
xQueueIsQueueFullFromISR                          queue.o
xQueueReceiveFromISR                              queue.o
xQueueRegistry                                    queue.o
xTaskCheckForTimeOut                              tasks.o
                                                  queue.o
xTaskGenericCreate                                tasks.o
                                                  main.o
xTaskGetCurrentTaskHandle                         tasks.o
                                                  queue.o
xTaskGetTickCount                                 tasks.o
xTaskGetTickCountFromISR                          tasks.o
xTaskIsTaskSuspended                              tasks.o
xTaskRemoveFromEventList                          tasks.o
                                                  queue.o
xTaskResumeAll                                    tasks.o
                                                  queue.o
                                                  heap_1.o
xTaskResumeFromISR                                tasks.o
